[    0.000000] Linux version 4.15.0-213-generic (buildd@lcy02-amd64-079) (gcc version 7.5.0 (Ubuntu 7.5.0-3ubuntu1~18.04)) #224-Ubuntu SMP Mon Jun 19 13:30:12 UTC 2023 (Ubuntu 4.15.0-213.224-generic 4.15.18)
[    0.000000] Command line: BOOT_IMAGE=/boot/vmlinuz-4.15.0-213-generic root=UUID=f685bb41-0e3b-40c4-89c1-eea0f0583525 ro console=tty1 console=ttyS0
[    0.000000] KERNEL supported cpus:
[    0.000000]   Intel GenuineIntel
[    0.000000]   AMD AuthenticAMD
[    0.000000]   Centaur CentaurHauls
[    0.000000] [Firmware Bug]: TSC doesn't count with P0 frequency!
[    0.000000] x86/fpu: Supporting XSAVE feature 0x001: 'x87 floating point registers'
[    0.000000] x86/fpu: Supporting XSAVE feature 0x002: 'SSE registers'
[    0.000000] x86/fpu: Supporting XSAVE feature 0x004: 'AVX registers'
[    0.000000] x86/fpu: xstate_offset[2]:  576, xstate_sizes[2]:  256
[    0.000000] x86/fpu: Enabled xstate features 0x7, context size is 832 bytes, using 'standard' format.
[    0.000000] e820: BIOS-provided physical RAM map:
[    0.000000] BIOS-e820: [mem 0x0000000000000000-0x000000000009fbff] usable
[    0.000000] BIOS-e820: [mem 0x000000000009fc00-0x000000000009ffff] reserved
[    0.000000] BIOS-e820: [mem 0x00000000000f0000-0x00000000000fffff] reserved
[    0.000000] BIOS-e820: [mem 0x0000000000100000-0x000000003ffeffff] usable
[    0.000000] BIOS-e820: [mem 0x000000003fff0000-0x000000003fffffff] ACPI data
[    0.000000] BIOS-e820: [mem 0x00000000fec00000-0x00000000fec00fff] reserved
[    0.000000] BIOS-e820: [mem 0x00000000fee00000-0x00000000fee00fff] reserved
[    0.000000] BIOS-e820: [mem 0x00000000fffc0000-0x00000000ffffffff] reserved
[    0.000000] NX (Execute Disable) protection: active
[    0.000000] SMBIOS 2.5 present.
[    0.000000] DMI: innotek GmbH VirtualBox/VirtualBox, BIOS VirtualBox 12/01/2006
[    0.000000] Hypervisor detected: KVM
[    0.000000] e820: last_pfn = 0x3fff0 max_arch_pfn = 0x400000000
[    0.000000] x86/PAT: Configuration [0-7]: WB  WC  UC- UC  WB  WP  UC- WT  
[    0.000000] found SMP MP-table at [mem 0x0009fbf0-0x0009fbff]
[    0.000000] Scanning 1 areas for low memory corruption
[    0.000000] RAMDISK: [mem 0x35819000-0x36c03fff]
[    0.000000] ACPI: Early table checksum verification disabled
[    0.000000] ACPI: RSDP 0x00000000000E0000 000024 (v02 VBOX  )
[    0.000000] ACPI: XSDT 0x000000003FFF0030 00003C (v01 VBOX   VBOXXSDT 00000001 ASL  00000061)
[    0.000000] ACPI: FACP 0x000000003FFF00F0 0000F4 (v04 VBOX   VBOXFACP 00000001 ASL  00000061)
[    0.000000] ACPI: DSDT 0x000000003FFF02F0 002353 (v02 VBOX   VBOXBIOS 00000002 VBOX 00029BF3)
[    0.000000] ACPI: FACS 0x000000003FFF0200 000040
[    0.000000] ACPI: FACS 0x000000003FFF0200 000040
[    0.000000] ACPI: APIC 0x000000003FFF0240 00005C (v02 VBOX   VBOXAPIC 00000001 ASL  00000061)
[    0.000000] ACPI: SSDT 0x000000003FFF02A0 000045 (v01 VBOX   VBOXCPUT 00000002 VBOX 00029BF3)
[    0.000000] ACPI: Reserving FACP table memory at [mem 0x3fff00f0-0x3fff01e3]
[    0.000000] ACPI: Reserving DSDT table memory at [mem 0x3fff02f0-0x3fff2642]
[    0.000000] ACPI: Reserving FACS table memory at [mem 0x3fff0200-0x3fff023f]
[    0.000000] ACPI: Reserving FACS table memory at [mem 0x3fff0200-0x3fff023f]
[    0.000000] ACPI: Reserving APIC table memory at [mem 0x3fff0240-0x3fff029b]
[    0.000000] ACPI: Reserving SSDT table memory at [mem 0x3fff02a0-0x3fff02e4]
[    0.000000] No NUMA configuration found
[    0.000000] Faking a node at [mem 0x0000000000000000-0x000000003ffeffff]
[    0.000000] NODE_DATA(0) allocated [mem 0x3ffc5000-0x3ffeffff]
[    0.000000] kvm-clock: cpu 0, msr 0:3ff44001, primary cpu clock
[    0.000000] kvm-clock: Using msrs 4b564d01 and 4b564d00
[    0.000000] kvm-clock: using sched offset of 2984194878 cycles
[    0.000000] clocksource: kvm-clock: mask: 0xffffffffffffffff max_cycles: 0x1cd42e4dffb, max_idle_ns: 881590591483 ns
[    0.000000] Zone ranges:
[    0.000000]   DMA      [mem 0x0000000000001000-0x0000000000ffffff]
[    0.000000]   DMA32    [mem 0x0000000001000000-0x000000003ffeffff]
[    0.000000]   Normal   empty
[    0.000000]   Device   empty
[    0.000000] Movable zone start for each node
[    0.000000] Early memory node ranges
[    0.000000]   node   0: [mem 0x0000000000001000-0x000000000009efff]
[    0.000000]   node   0: [mem 0x0000000000100000-0x000000003ffeffff]
[    0.000000] Reserved but unavailable: 104 pages
[    0.000000] Initmem setup node 0 [mem 0x0000000000001000-0x000000003ffeffff]
[    0.000000] ACPI: PM-Timer IO Port: 0x4008
[    0.000000] IOAPIC[0]: apic_id 2, version 32, address 0xfec00000, GSI 0-23
[    0.000000] ACPI: INT_SRC_OVR (bus 0 bus_irq 0 global_irq 2 dfl dfl)
[    0.000000] ACPI: INT_SRC_OVR (bus 0 bus_irq 9 global_irq 9 low level)
[    0.000000] Using ACPI (MADT) for SMP configuration information
[    0.000000] smpboot: Allowing 2 CPUs, 0 hotplug CPUs
[    0.000000] PM: Registered nosave memory: [mem 0x00000000-0x00000fff]
[    0.000000] PM: Registered nosave memory: [mem 0x0009f000-0x0009ffff]
[    0.000000] PM: Registered nosave memory: [mem 0x000a0000-0x000effff]
[    0.000000] PM: Registered nosave memory: [mem 0x000f0000-0x000fffff]
[    0.000000] e820: [mem 0x40000000-0xfebfffff] available for PCI devices
[    0.000000] Booting paravirtualized kernel on KVM
[    0.000000] clocksource: refined-jiffies: mask: 0xffffffff max_cycles: 0xffffffff, max_idle_ns: 7645519600211568 ns
[    0.000000] setup_percpu: NR_CPUS:8192 nr_cpumask_bits:2 nr_cpu_ids:2 nr_node_ids:1
[    0.000000] percpu: Embedded 50 pages/cpu s167936 r8192 d28672 u1048576
[    0.000000] PV qspinlock hash table entries: 256 (order: 0, 4096 bytes)
[    0.000000] Built 1 zonelists, mobility grouping on.  Total pages: 257913
[    0.000000] Policy zone: DMA32
[    0.000000] Kernel command line: BOOT_IMAGE=/boot/vmlinuz-4.15.0-213-generic root=UUID=f685bb41-0e3b-40c4-89c1-eea0f0583525 ro console=tty1 console=ttyS0
[    0.000000] Memory: 981776K/1048120K available (12300K kernel code, 2477K rwdata, 4324K rodata, 2480K init, 2720K bss, 66344K reserved, 0K cma-reserved)
[    0.000000] SLUB: HWalign=64, Order=0-3, MinObjects=0, CPUs=2, Nodes=1
[    0.000000] ftrace: allocating 39508 entries in 155 pages
[    0.004000] Hierarchical RCU implementation.
[    0.004000] 	RCU restricting CPUs from NR_CPUS=8192 to nr_cpu_ids=2.
[    0.004000] 	Tasks RCU enabled.
[    0.004000] RCU: Adjusting geometry for rcu_fanout_leaf=16, nr_cpu_ids=2
[    0.004000] NR_IRQS: 524544, nr_irqs: 440, preallocated irqs: 16
[    0.004000] random: crng init done
[    0.004000] Console: colour VGA+ 80x25
[    0.004000] console [tty1] enabled
[    0.004000] console [ttyS0] enabled
[    0.004000] ACPI: Core revision 20170831
[    0.004000] ACPI: 2 ACPI AML tables successfully acquired and loaded
[    0.004000] APIC: Switch to symmetric I/O mode setup
[    0.004000] x2apic enabled
[    0.004000] Switched APIC routing to physical x2apic.
[    0.004000] ..TIMER: vector=0x30 apic1=0 pin1=2 apic2=-1 pin2=-1
[    0.004000] tsc: Detected 3800.000 MHz processor
[    0.004000] Calibrating delay loop (skipped) preset value.. 7600.00 BogoMIPS (lpj=15200000)
[    0.004000] pid_max: default: 32768 minimum: 301
[    0.004000] Security Framework initialized
[    0.004000] Yama: becoming mindful.
[    0.004000] AppArmor: AppArmor initialized
[    0.004000] Dentry cache hash table entries: 131072 (order: 8, 1048576 bytes)
[    0.004000] Inode-cache hash table entries: 65536 (order: 7, 524288 bytes)
[    0.004000] Mount-cache hash table entries: 2048 (order: 2, 16384 bytes)
[    0.004000] Mountpoint-cache hash table entries: 2048 (order: 2, 16384 bytes)
[    0.004000] Last level iTLB entries: 4KB 512, 2MB 512, 4MB 256
[    0.004000] Last level dTLB entries: 4KB 2048, 2MB 2048, 4MB 1024, 1GB 0
[    0.004000] Spectre V1 : Mitigation: usercopy/swapgs barriers and __user pointer sanitization
[    0.004000] Spectre V2 : Mitigation: Retpolines
[    0.004000] Spectre V2 : Spectre v2 / SpectreRSB mitigation: Filling RSB on context switch
[    0.004000] Spectre V2 : Spectre v2 / SpectreRSB : Filling RSB on VMEXIT
[    0.004000] Freeing SMP alternatives memory: 36K
[    0.119804] APIC calibration not consistent with PM-Timer: 105ms instead of 100ms
[    0.120000] APIC delta adjusted to PM-Timer: 6372159 (6737840)
[    0.120040] smpboot: CPU0: AMD Ryzen 7 5800X 8-Core Processor (family: 0x19, model: 0x21, stepping: 0x2)
[    0.121038] Performance Events: PMU not available due to virtualization, using software events only.
[    0.121971] Hierarchical SRCU implementation.
[    0.122827] NMI watchdog: Perf event create on CPU 0 failed with -2
[    0.123475] NMI watchdog: Perf NMI watchdog permanently disabled
[    0.124000] smp: Bringing up secondary CPUs ...
[    0.124071] x86: Booting SMP configuration:
[    0.124500] .... node  #0, CPUs:      #1
[    0.004000] kvm-clock: cpu 1, msr 0:3ff44041, secondary cpu clock
[    0.128018] smp: Brought up 1 node, 2 CPUs
[    0.128468] smpboot: Max logical packages: 1
[    0.128938] smpboot: Total of 2 processors activated (15200.00 BogoMIPS)
[    0.129842] devtmpfs: initialized
[    0.129842] x86/mm: Memory block size: 128MB
[    0.129842] evm: security.selinux
[    0.129842] evm: security.SMACK64
[    0.129842] evm: security.SMACK64EXEC
[    0.132006] evm: security.SMACK64TRANSMUTE
[    0.132432] evm: security.SMACK64MMAP
[    0.132798] evm: security.apparmor
[    0.133140] evm: security.ima
[    0.133458] evm: security.capability
[    0.133824] clocksource: jiffies: mask: 0xffffffff max_cycles: 0xffffffff, max_idle_ns: 7645041785100000 ns
[    0.133824] futex hash table entries: 512 (order: 3, 32768 bytes)
[    0.133824] pinctrl core: initialized pinctrl subsystem
[    0.136056] RTC time: 15:18:18, date: 12/01/25
[    0.136638] NET: Registered protocol family 16
[    0.137150] audit: initializing netlink subsys (disabled)
[    0.137725] audit: type=2000 audit(1764602303.142:1): state=initialized audit_enabled=0 res=1
[    0.137725] cpuidle: using governor ladder
[    0.140022] cpuidle: using governor menu
[    0.140167] ACPI: bus type PCI registered
[    0.140476] acpiphp: ACPI Hot Plug PCI Controller Driver version: 0.5
[    0.141104] PCI: Using configuration type 1 for base access
[    0.141609] PCI: Using configuration type 1 for extended access
[    0.142158] HugeTLB registered 2.00 MiB page size, pre-allocated 0 pages
[    0.144040] ACPI: Added _OSI(Module Device)
[    0.144448] ACPI: Added _OSI(Processor Device)
[    0.144865] ACPI: Added _OSI(3.0 _SCP Extensions)
[    0.145308] ACPI: Added _OSI(Processor Aggregator Device)
[    0.145812] ACPI: Added _OSI(Linux-Dell-Video)
[    0.146251] ACPI: Added _OSI(Linux-Lenovo-NV-HDMI-Audio)
[    0.146747] ACPI: Added _OSI(Linux-HPI-Hybrid-Graphics)
[    0.147402] ACPI: Executed 1 blocks of module-level executable AML code
[    0.149495] ACPI: Interpreter enabled
[    0.149909] ACPI: (supports S0 S5)
[    0.150279] ACPI: Using IOAPIC for interrupt routing
[    0.150895] PCI: Using host bridge windows from ACPI; if necessary, use "pci=nocrs" and report a bug
[    0.151888] ACPI: Enabled 2 GPEs in block 00 to 07
[    0.154877] ACPI: PCI Root Bridge [PCI0] (domain 0000 [bus 00-ff])
[    0.155522] acpi PNP0A03:00: _OSC: OS supports [ExtendedConfig ASPM ClockPM Segments MSI]
[    0.156463] acpi PNP0A03:00: _OSC: platform does not support [PCIeCapability]
[    0.157385] acpi PNP0A03:00: _OSC: not requesting control; platform does not support [PCIeCapability]
[    0.158330] acpi PNP0A03:00: _OSC: OS requested [PCIeHotplug PME AER PCIeCapability]
[    0.159124] acpi PNP0A03:00: _OSC: platform willing to grant [PCIeHotplug PME AER]
[    0.159887] acpi PNP0A03:00: _OSC failed (AE_SUPPORT); disabling ASPM
[    0.160215] PCI host bridge to bus 0000:00
[    0.160646] pci_bus 0000:00: root bus resource [io  0x0000-0x0cf7 window]
[    0.161702] pci_bus 0000:00: root bus resource [io  0x0d00-0xffff window]
[    0.162366] pci_bus 0000:00: root bus resource [mem 0x000a0000-0x000bffff window]
[    0.163127] pci_bus 0000:00: root bus resource [mem 0x40000000-0xfdffffff window]
[    0.164001] pci_bus 0000:00: root bus resource [bus 00-ff]
[    0.165705] pci 0000:00:01.1: legacy IDE quirk: reg 0x10: [io  0x01f0-0x01f7]
[    0.166406] pci 0000:00:01.1: legacy IDE quirk: reg 0x14: [io  0x03f6]
[    0.167056] pci 0000:00:01.1: legacy IDE quirk: reg 0x18: [io  0x0170-0x0177]
[    0.167774] pci 0000:00:01.1: legacy IDE quirk: reg 0x1c: [io  0x0376]
[    0.174984] pci 0000:00:07.0: quirk: [io  0x4000-0x403f] claimed by PIIX4 ACPI
[    0.176015] pci 0000:00:07.0: quirk: [io  0x4100-0x410f] claimed by PIIX4 SMB
[    0.178859] ACPI: PCI Interrupt Link [LNKA] (IRQs 5 9 10 *11)
[    0.179605] ACPI: PCI Interrupt Link [LNKB] (IRQs 5 9 *10 11)
[    0.180063] ACPI: PCI Interrupt Link [LNKC] (IRQs 5 *9 10 11)
[    0.180698] ACPI: PCI Interrupt Link [LNKD] (IRQs 5 9 10 *11)
[    0.181518] SCSI subsystem initialized
[    0.181932] pci 0000:00:02.0: vgaarb: setting as boot VGA device
[    0.181932] pci 0000:00:02.0: vgaarb: VGA device added: decodes=io+mem,owns=io+mem,locks=none
[    0.181932] pci 0000:00:02.0: vgaarb: bridge control possible
[    0.182025] vgaarb: loaded
[    0.184025] ACPI: bus type USB registered
[    0.184434] usbcore: registered new interface driver usbfs
[    0.184959] usbcore: registered new interface driver hub
[    0.185477] usbcore: registered new device driver usb
[    0.185983] EDAC MC: Ver: 3.0.0
[    0.185983] PCI: Using ACPI for IRQ routing
[    0.185983] NetLabel: Initializing
[    0.185983] NetLabel:  domain hash size = 128
[    0.188005] NetLabel:  protocols = UNLABELED CIPSOv4 CALIPSO
[    0.188563] NetLabel:  unlabeled traffic allowed by default
[    0.189103] clocksource: Switched to clocksource kvm-clock
[    0.195883] VFS: Disk quotas dquot_6.6.0
[    0.196318] VFS: Dquot-cache hash table entries: 512 (order 0, 4096 bytes)
[    0.197069] AppArmor: AppArmor Filesystem Enabled
[    0.197575] pnp: PnP ACPI init
[    0.198452] pnp: PnP ACPI: found 3 devices
[    0.205539] clocksource: acpi_pm: mask: 0xffffff max_cycles: 0xffffff, max_idle_ns: 2085701024 ns
[    0.206479] NET: Registered protocol family 2
[    0.206965] IP idents hash table entries: 16384 (order: 5, 131072 bytes)
[    0.208578] TCP established hash table entries: 8192 (order: 4, 65536 bytes)
[    0.209320] TCP bind hash table entries: 8192 (order: 5, 131072 bytes)
[    0.209971] TCP: Hash tables configured (established 8192 bind 8192)
[    0.210639] UDP hash table entries: 512 (order: 2, 16384 bytes)
[    0.211239] UDP-Lite hash table entries: 512 (order: 2, 16384 bytes)
[    0.211909] NET: Registered protocol family 1
[    0.212377] pci 0000:00:00.0: Limiting direct PCI/PCI transfers
[    0.212979] pci 0000:00:01.0: Activating ISA DMA hang workarounds
[    0.213620] pci 0000:00:02.0: Video device with shadowed ROM at [mem 0x000c0000-0x000dffff]
[    0.214436] Unpacking initramfs...
[    0.383988] Freeing initrd memory: 20396K
[    0.384592] clocksource: tsc: mask: 0xffffffffffffffff max_cycles: 0x6d8cb0e20f4, max_idle_ns: 881590468932 ns
[    0.385632] platform rtc_cmos: registered platform RTC device (no PNP device found)
[    0.386460] Scanning for low memory corruption every 60 seconds
[    0.387512] Initialise system trusted keyrings
[    0.388024] Key type blacklist registered
[    0.388518] workingset: timestamp_bits=36 max_order=18 bucket_order=0
[    0.389749] zbud: loaded
[    0.390577] squashfs: version 4.0 (2009/01/31) Phillip Lougher
[    0.391488] fuse init (API version 7.26)
[    0.393942] Key type asymmetric registered
[    0.394417] Asymmetric key parser 'x509' registered
[    0.394984] Block layer SCSI generic (bsg) driver version 0.4 loaded (major 246)
[    0.395856] io scheduler noop registered
[    0.396277] io scheduler deadline registered
[    0.396801] io scheduler cfq registered (default)
[    0.397454] ACPI: AC Adapter [AC] (on-line)
[    0.397915] input: Power Button as /devices/LNXSYSTM:00/LNXPWRBN:00/input/input0
[    0.398699] ACPI: Power Button [PWRF]
[    0.399151] input: Sleep Button as /devices/LNXSYSTM:00/LNXSLPBN:00/input/input1
[    0.400007] ACPI: Sleep Button [SLPF]
[    0.400707] Serial: 8250/16550 driver, 32 ports, IRQ sharing enabled
[    0.421845] 00:02: ttyS0 at I/O 0x3f8 (irq = 4, base_baud = 115200) is a 16550A
[    0.424275] Linux agpgart interface v0.103
[    0.425862] loop: module loaded
[    0.426678] scsi host0: ata_piix
[    0.427227] scsi host1: ata_piix
[    0.427635] ata1: PATA max UDMA/33 cmd 0x1f0 ctl 0x3f6 bmdma 0xd000 irq 14
[    0.428384] ata2: PATA max UDMA/33 cmd 0x170 ctl 0x376 bmdma 0xd008 irq 15
[    0.429320] tun: Universal TUN/TAP device driver, 1.6
[    0.429930] PPP generic driver version 2.4.2
[    0.430444] ehci_hcd: USB 2.0 'Enhanced' Host Controller (EHCI) Driver
[    0.431099] ehci-pci: EHCI PCI platform driver
[    0.431590] ehci-platform: EHCI generic platform driver
[    0.432105] ohci_hcd: USB 1.1 'Open' Host Controller (OHCI) Driver
[    0.432717] ohci-pci: OHCI PCI platform driver
[    0.433168] ohci-platform: OHCI generic platform driver
[    0.433704] uhci_hcd: USB Universal Host Controller Interface driver
[    0.434364] i8042: PNP: PS/2 Controller [PNP0303:PS2K,PNP0f03:PS2M] at 0x60,0x64 irq 1,12
[    0.435501] serio: i8042 KBD port at 0x60,0x64 irq 1
[    0.435988] serio: i8042 AUX port at 0x60,0x64 irq 12
[    0.436588] mousedev: PS/2 mouse device common for all mice
[    0.437471] input: AT Translated Set 2 keyboard as /devices/platform/i8042/serio0/input/input2
[    0.438399] rtc_cmos rtc_cmos: rtc core: registered rtc_cmos as rtc0
[    0.439042] rtc_cmos rtc_cmos: alarms up to one day, 114 bytes nvram
[    0.439631] i2c /dev entries driver
[    0.440017] device-mapper: uevent: version 1.0.3
[    0.440557] device-mapper: ioctl: 4.37.0-ioctl (2017-09-20) initialised: dm-devel@redhat.com
[    0.441372] ledtrig-cpu: registered to indicate activity on CPUs
[    0.442201] NET: Registered protocol family 10
[    0.445398] Segment Routing with IPv6
[    0.445871] NET: Registered protocol family 17
[    0.446454] Key type dns_resolver registered
[    0.447025] mce: Using 0 MCE banks
[    0.447390] RAS: Correctable Errors collector initialized.
[    0.447950] sched_clock: Marking stable (447004595, 0)->(544584301, -97579706)
[    0.448909] registered taskstats version 1
[    0.449364] Loading compiled-in X.509 certificates
[    0.451079] Loaded X.509 cert 'Build time autogenerated kernel key: cdc7189136aaa35407544516090e2034d9c28e14'
[    0.452324] Loaded X.509 cert 'Canonical Ltd. Live Patch Signing: 14df34d1a87cf37625abec039ef2bf521249b969'
[    0.453614] Loaded X.509 cert 'Canonical Ltd. Kernel Module Signing: 88f752e560a1e0737e31163a466ad7b70a850c19'
[    0.454553] blacklist: Loading compiled-in revocation X.509 certificates
[    0.455183] Loaded X.509 cert 'Canonical Ltd. Secure Boot Signing: 61482aa2830d0ab2ad5af10b7250da9033ddcef0'
[    0.456092] Loaded X.509 cert 'Canonical Ltd. Secure Boot Signing (2017): 242ade75ac4a15e50d50c84b0d45ff3eae707a03'
[    0.457080] Loaded X.509 cert 'Canonical Ltd. Secure Boot Signing (ESM 2018): 365188c1d374d6b07c3c8f240f8ef722433d6a8b'
[    0.458058] Loaded X.509 cert 'Canonical Ltd. Secure Boot Signing (2019): c0746fd6c5da3ae827864651ad66ae47fe24b3e8'
[    0.459025] Loaded X.509 cert 'Canonical Ltd. Secure Boot Signing (2021 v1): a8d54bbb3825cfb94fa13c9f8a594a195c107b8d'
[    0.460002] Loaded X.509 cert 'Canonical Ltd. Secure Boot Signing (2021 v2): 4cf046892d6fd3c9a5b03f98d845f90851dc6a8c'
[    0.460982] Loaded X.509 cert 'Canonical Ltd. Secure Boot Signing (2021 v3): 100437bb6de6e469b581e61cd66bce3ef4ed53af'
[    0.461959] Loaded X.509 cert 'Canonical Ltd. Secure Boot Signing (Ubuntu Core 2019): c1d57b8f6b743f23ee41f4f7ee292f06eecadfb9'
[    0.462993] zswap: loaded using pool lzo/zbud
[    0.465100] Key type big_key registered
[    0.465507] Key type trusted registered
[    0.466827] Key type encrypted registered
[    0.467236] AppArmor: AppArmor sha1 policy hashing enabled
[    0.467774] ima: No TPM chip found, activating TPM-bypass! (rc=-19)
[    0.468364] ima: Allocated hash algorithm: sha1
[    0.468809] evm: HMAC attrs: 0x1
[    0.469273]   Magic number: 5:972:334
[    0.469652] tty tty55: hash matches
[    0.470075] rtc_cmos rtc_cmos: setting system clock to 2025-12-01 15:18:18 UTC (1764602298)
[    0.470920] BIOS EDD facility v0.16 2004-Jun-25, 0 devices found
[    0.471510] EDD information not available.
[    0.612953] Freeing unused kernel image memory: 2480K
[    0.628108] Write protecting the kernel read-only data: 20480k
[    0.629267] Freeing unused kernel image memory: 2008K
[    0.630224] Freeing unused kernel image memory: 1820K
[    0.634386] x86/mm: Checked W+X mappings: passed, no W+X pages found.
Loading, please wait...
starting version 237
[    0.669901] Fusion MPT base driver 3.04.20
[    0.670400] Copyright (c) 1999-2008 LSI Corporation
[    0.672885] Fusion MPT SPI Host driver 3.04.20
[    0.674185] e1000: Intel(R) PRO/1000 Network Driver - version 7.3.21-k8-NAPI
[    0.674911] e1000: Copyright (c) 1999-2006 Intel Corporation.
[    0.675791] mptbase: ioc0: Initiating bringup
[    0.685124] AVX2 version of gcm_enc/dec engaged.
[    0.685635] AES CTR mode by8 optimization enabled
[    0.909826] input: ImExPS/2 Generic Explorer Mouse as /devices/platform/i8042/serio1/input/input4
[    1.128394] ioc0: LSI53C1030 A0: Capabilities={Initiator}
[    3.033362] scsi host2: ioc0: LSI53C1030 A0, FwRev=00000000h, Ports=1, MaxQ=256, IRQ=20
[    4.041644] scsi 2:0:0:0: Direct-Access     VBOX     HARDDISK         1.0  PQ: 0 ANSI: 5
[    4.068285] scsi target2:0:0: Beginning Domain Validation
[    4.070047] scsi target2:0:0: Domain Validation skipping write tests
[    4.070861] scsi target2:0:0: Ending Domain Validation
[    4.071539] scsi target2:0:0: asynchronous
[    4.072327] scsi 2:0:1:0: Direct-Access     VBOX     HARDDISK         1.0  PQ: 0 ANSI: 5
[    4.432044] scsi target2:0:1: Beginning Domain Validation
[    4.433454] scsi target2:0:1: Domain Validation skipping write tests
[    4.434133] scsi target2:0:1: Ending Domain Validation
[    4.434715] scsi target2:0:1: asynchronous
[    4.437400] sd 2:0:0:0: Attached scsi generic sg0 type 0
[    4.437958] sd 2:0:0:0: [sda] 83886080 512-byte logical blocks: (42.9 GB/40.0 GiB)
[    4.438740] sd 2:0:0:0: [sda] Write Protect is off
[    4.439297] sd 2:0:0:0: [sda] Write cache: enabled, read cache: enabled, supports DPO and FUA
[    4.440666] sd 2:0:1:0: Attached scsi generic sg1 type 0
[    4.441288]  sda: sda1
[    4.441769] sd 2:0:1:0: [sdb] 20480 512-byte logical blocks: (10.5 MB/10.0 MiB)
[    4.442627] sd 2:0:1:0: [sdb] Write Protect is off
[    4.443243] sd 2:0:1:0: [sdb] Write cache: enabled, read cache: enabled, supports DPO and FUA
[    4.444001] e1000 0000:00:03.0 eth0: (PCI:33MHz:32-bit) 02:3b:7b:b7:3b:2d
[    4.444244] sd 2:0:0:0: [sda] Attached SCSI disk
[    4.444961] e1000 0000:00:03.0 eth0: Intel(R) PRO/1000 Network Connection
[    4.446357] sd 2:0:1:0: [sdb] Attached SCSI disk
[    4.447491] e1000 0000:00:03.0 enp0s3: renamed from eth0
Begin: Loading essential drivers ... [    5.772004] raid6: sse2x1   gen()  8368 MB/s
[    5.820016] raid6: sse2x1   xor() 14858 MB/s
[    5.868090] raid6: sse2x2   gen() 17568 MB/s
[    5.916117] raid6: sse2x2   xor() 18406 MB/s
[    5.964194] raid6: sse2x4   gen() 23917 MB/s
[    6.012259] raid6: sse2x4   xor() 11723 MB/s
[    6.060905] raid6: avx2x1   gen() 19331 MB/s
[    6.108511] raid6: avx2x1   xor() 28477 MB/s
[    6.156350] raid6: avx2x2   gen() 37079 MB/s
[    6.204465] raid6: avx2x2   xor() 35490 MB/s
[    6.252100] raid6: avx2x4   gen() 40918 MB/s
[    6.300201] raid6: avx2x4   xor() 15324 MB/s
[    6.300768] raid6: using algorithm avx2x4 gen() 40918 MB/s
[    6.301352] raid6: .... xor() 15324 MB/s, rmw enabled
[    6.301895] raid6: using avx2x2 recovery algorithm
[    6.303139] xor: automatically using best checksumming function   avx       
[    6.304528] async_tx: api initialized (async)
done.
Begin: Running /scripts/init-premount ... done.
Begin: Mounting root file system ... Begin: Running /scripts/local-top ... done.
Begin: Running /scripts/local-premount ... [    6.330204] Btrfs loaded, crc32c=crc32c-intel
Scanning for Btrfs filesystems
done.
Begin: Will now check root file system ... fsck from util-linux 2.31.1
[/sbin/fsck.ext4 (1) -- /dev/sda1] fsck.ext4 -a -C0 /dev/sda1 
cloudimg-rootfs: clean, 107582/5120000 files, 781292/10485499 blocks
done.
[    6.349654] EXT4-fs (sda1): mounted filesystem with ordered data mode. Opts: (null)
done.
Begin: Running /scripts/local-bottom ... done.
Begin: Running /scripts/init-bottom ... done.
[    6.466487] ip_tables: (C) 2000-2006 Netfilter Core Team
[    6.471875] systemd[1]: systemd 237 running in system mode. (+PAM +AUDIT +SELINUX +IMA +APPARMOR +SMACK +SYSVINIT +UTMP +LIBCRYPTSETUP +GCRYPT +GNUTLS +ACL +XZ +LZ4 +SECCOMP +BLKID +ELFUTILS +KMOD -IDN2 +IDN -PCRE2 default-hierarchy=hybrid)
[    6.473984] systemd[1]: Detected virtualization oracle.
[    6.474557] systemd[1]: Detected architecture x86-64.

Welcome to [1mUbuntu 18.04.6 LTS[0m!

[    6.478229] systemd[1]: Set hostname to <ubuntu-bionic>.
[    6.665202] systemd[1]: Reached target Mounting snaps.
[[0;32m  OK  [0m] Reached target Mounting snaps.
[    6.898132] systemd[1]: Created slice System Slice.
[[0;32m  OK  [0m] Created slice System Slice.
[    6.899452] systemd[1]: Reached target Mounted snaps.
[[0;32m  OK  [0m] Reached target Mounted snaps.
[    6.900389] systemd[1]: Listening on LVM2 poll daemon socket.
[[0;32m  OK  [0m] Listening on LVM2 poll daemon socket.
[    6.901462] systemd[1]: Set up automount Arbitrary Executable File Formats File System Automount Point.
[[0;32m  OK  [0m] Set up automount Arbitrary Executabâ€¦rmats File System Automount Point.
[    6.902881] systemd[1]: Listening on udev Kernel Socket.
[[0;32m  OK  [0m] Listening on udev Kernel Socket.
[[0;32m  OK  [0m] Listening on udev Control Socket.
[[0;32m  OK  [0m] Reached target User and Group Name Lookups.
[[0;32m  OK  [0m] Listening on /dev/initctl Compatibility Named Pipe.
[[0;32m  OK  [0m] Listening on Device-mapper event daemon FIFOs.
[[0;32m  OK  [0m] Listening on Journal Audit Socket.
[[0;32m  OK  [0m] Listening on Syslog Socket.
[[0;32m  OK  [0m] Listening on LVM2 metadata daemon socket.
[[0;32m  OK  [0m] Listening on Journal Socket (/dev/log).
[[0;32m  OK  [0m] Listening on Journal Socket.
         Starting Load Kernel Modules...
         Starting Create list of required stâ€¦ce nodes for the current kernel...
         Starting udev Coldplug all Devices...
         Starting Journal Service...
         Starting Set the console keyboard layout...
         Starting Uncomplicated firewall...
         Mounting POSIX Message Queue File System...
[    6.934206] Loading iSCSI transport class v2.0-870.
         Starting Monitoring of LVM2 mirrorsâ€¦ng dmeventd or progress polling...
         Mounting Kernel Debug File System...
[[0;32m  OK  [0m] Reached target System Time Synchronized.
[[0;32m  OK  [0m] Listening on Network Service Netlink Socket.
[[0;32m  OK  [0m] Reached target Swap.
[[0;32m  OK  [0m] Created slice User and Session Slice.
[[0;32m  OK  [0m] Reached target Slices.
         Mounting Huge Pages File System...
[[0;32m  OK  [0m] Created slice system-serial\x2dgetty.slice.
[[0;32m  OK  [0m] Listening on fsck to fsckd communication Socket.
         Starting Remount Root and Kernel File Systems...
[[0;32m  OK  [0m] Started Forward Password Requests to Wall Directory Watch.
[[0;32m  OK  [0m] Started Journal Service.
[[0;32m  OK  [0m] Started Create list of required staâ€¦vice nodes for the current kernel.
[    6.974628] iscsi: registered transport (tcp)
[[0;32m  OK  [0m] Started Uncomplicated firewall.
         Starting Create Static Device Nodes in /dev...
[[0;32m  OK  [0m] Started udev Coldplug all Devices.
[[0;32m  OK  [0m] Started LVM2 metadata daemon.
[[0;32m  OK  [0m] Mounted POSIX Message Queue File System.
[    7.020397] EXT4-fs (sda1): re-mounted. Opts: (null)
[[0;32m  OK  [0m] Mounted Kernel Debug File System.
[[0;32m  OK  [0m] Mounted Huge Pages File System.
[[0;32m  OK  [0m] Started Remount Root and Kernel File Systems.
[[0;32m  OK  [0m] Started Create Static Device Nodes in /dev.
         Starting Load/Save Random Seed...
         Starting Flush Journal to Persistent Storage...
         Starting udev Kernel Device Manager...
[    7.053621] systemd-journald[421]: Received request to flush runtime journal from PID 1
[[0;32m  OK  [0m] Started Load/Save Random Seed.
[    7.065317] iscsi: registered transport (iser)
[[0;32m  OK  [0m] Started Load Kernel Modules.
         Mounting FUSE Control File System...
         Starting Apply Kernel Variables...
         Mounting Kernel Configuration File System...
[[0;32m  OK  [0m] Mounted FUSE Control File System.
[[0;32m  OK  [0m] Started Monitoring of LVM2 mirrors,â€¦sing dmeventd or progress polling.
[[0;32m  OK  [0m] Mounted Kernel Configuration File System.
[[0;32m  OK  [0m] Started udev Kernel Device Manager.
[[0;32m  OK  [0m] Started Apply Kernel Variables.
[[0;32m  OK  [0m] Started Set the console keyboard layout.
[[0;32m  OK  [0m] Reached target Local File Systems (Pre).
[[0;32m  OK  [0m] Reached target Local File Systems.
         Starting ebtables ruleset management...
         Starting AppArmor initialization...
         Starting Tell Plymouth To Write Out Runtime Data...
         Starting Set console font and keymap...
[[0;32m  OK  [0m] Started Dispatch Password Requests to Console Directory Watch.
[[0;32m  OK  [0m] Reached target Local Encrypted Volumes.
[[0;32m  OK  [0m] Started Tell Plymouth To Write Out Runtime Data.
[[0;32m  OK  [0m] Started Set console font and keymap.
[[0;32m  OK  [0m] Started Flush Journal to Persistent Storage.
         Starting Create Volatile Files and Directories...
[[0;32m  OK  [0m] Started Create Volatile Files and Directories.
         Starting Update UTMP about System Boot/Shutdown...
[[0;32m  OK  [0m] Started Update UTMP about System Boot/Shutdown.
[[0;32m  OK  [0m] Started ebtables ruleset management.
[[0;32m  OK  [0m] Found device /dev/ttyS0.
[[0;32m  OK  [0m] Listening on Load/Save RF Kill Switch Status /dev/rfkill Watch.
[[0;32m  OK  [0m] Started AppArmor initialization.
         Starting Load AppArmor profiles managed internally by snapd...
         Starting Initial cloud-init job (pre-networking)...
         Mounting Arbitrary Executable File Formats File System...
[[0;32m  OK  [0m] Mounted Arbitrary Executable File Formats File System.
[[0;32m  OK  [0m] Started Load AppArmor profiles managed internally by snapd.
[    8.232334] cloud-init[581]: Cloud-init v. 23.1.2-0ubuntu0~18.04.1 running 'init-local' at Mon, 01 Dec 2025 15:18:26 +0000. Up 8.10 seconds.
[[0;32m  OK  [0m] Started Initial cloud-init job (pre-networking).
[[0;32m  OK  [0m] Reached target Network (Pre).
         Starting Network Service...
[[0;32m  OK  [0m] Started Network Service.
         Starting Network Name Resolution...
         Starting Wait for Network to be Configured...
[[0;32m  OK  [0m] Started Network Name Resolution.
[[0;32m  OK  [0m] Reached target Network.
[[0;32m  OK  [0m] Reached target Host and Network Name Lookups.
[[0;32m  OK  [0m] Started Wait for Network to be Configured.
         Starting Initial cloud-init job (metadata service crawler)...
[   10.099950] cloud-init[704]: Cloud-init v. 23.1.2-0ubuntu0~18.04.1 running 'init' at Mon, 01 Dec 2025 15:18:28 +0000. Up 9.98 seconds.
[   10.101486] cloud-init[704]: ci-info: +++++++++++++++++++++++++++++++++++++++++++Net device info++++++++++++++++++++++++++++++++++++++++++++
[   10.102365] cloud-init[704]: ci-info: +--------+------+---------------------------------------+---------------+--------+-------------------+
[   10.103166] cloud-init[704]: ci-info: | Device |  Up  |                Address                |      Mask     | Scope  |     Hw-Address    |
[   10.103964] cloud-init[704]: ci-info: +--------+------+---------------------------------------+---------------+--------+-------------------+
[   10.104832] cloud-init[704]: ci-info: | enp0s3 | True |               10.0.2.15               | 255.255.255.0 | global | 02:3b:7b:b7:3b:2d |
[   10.105696] cloud-init[704]: ci-info: | enp0s3 | True | fd17:625c:f037:2:3b:7bff:feb7:3b2d/64 |       .       | global | 02:3b:7b:b7:3b:2d |
[   10.106342] cloud-init[704]: ci-info: | enp0s3 | True |       fe80::3b:7bff:feb7:3b2d/64      |       .       |  link  | 02:3b:7b:b7:3b:2d |
[   10.106956] cloud-init[704]: ci-info: |   lo   | True |               127.0.0.1               |   255.0.0.0   |  host  |         .         |
[   10.107592] cloud-init[704]: ci-info: |   lo   | True |                ::1/128                |       .       |  host  |         .         |
[   10.108222] cloud-init[704]: ci-info: +--------+------+---------------------------------------+---------------+--------+-------------------+
[   10.108941] cloud-init[704]: ci-info: ++++++++++++++++++++++++++++Route IPv4 info+++++++++++++++++++++++++++++
[   10.109666] cloud-init[704]: ci-info: +-------+-------------+----------+-----------------+-----------+-------+
[   10.110214] cloud-init[704]: ci-info: | Route | Destination | Gateway  |     Genmask     | Interface | Flags |
[   10.110729] cloud-init[704]: ci-info: +-------+-------------+----------+-----------------+-----------+-------+
[   10.111261] cloud-init[704]: ci-info: |   0   |   0.0.0.0   | 10.0.2.2 |     0.0.0.0     |   enp0s3  |   UG  |
[   10.111845] cloud-init[704]: ci-info: |   1   |   10.0.2.0  | 0.0.0.0  |  255.255.255.0  |   enp0s3  |   U   |
[   10.112456] cloud-init[704]: ci-info: |   2   |   10.0.2.2  | 0.0.0.0  | 255.255.255.255 |   enp0s3  |   UH  |
[   10.113022] cloud-init[704]: ci-info: +-------+-------------+----------+-----------------+-----------+-------+
[   10.113570] cloud-init[704]: ci-info: ++++++++++++++++++++++++Route IPv6 info++++++++++++++++++++++++
[   10.114112] cloud-init[704]: ci-info: +-------+-----------------------+---------+-----------+-------+
[   10.114656] cloud-init[704]: ci-info: | Route |      Destination      | Gateway | Interface | Flags |
[   10.115185] cloud-init[704]: ci-info: +-------+-----------------------+---------+-----------+-------+
[   10.115745] cloud-init[704]: ci-info: |   1   | fd17:625c:f037:2::/64 |    ::   |   enp0s3  |   U   |
[   10.116335] cloud-init[704]: ci-info: |   2   |       fe80::/64       |    ::   |   enp0s3  |   U   |
[   10.116848] cloud-init[704]: ci-info: |   3   |          ::/0         | fe80::2 |   enp0s3  |   UG  |
[   10.117344] cloud-init[704]: ci-info: |   5   |         local         |    ::   |   enp0s3  |   U   |
[   10.118669] cloud-init[704]: ci-info: |   6   |        ff00::/8       |    ::   |   enp0s3  |   U   |
[   10.119163] cloud-init[704]: ci-info: +-------+-----------------------+---------+-----------+-------+
[[0;32m  OK  [0m] Started Initial cloud-init job (metadata service crawler).
[[0;32m  OK  [0m] Reached target System Initialization.
[[0;32m  OK  [0m] Listening on UUID daemon activation socket.
[[0;32m  OK  [0m] Listening on Open-iSCSI iscsid Socket.
[[0;32m  OK  [0m] Started Daily apt upgrade and clean activities.
[[0;32m  OK  [0m] Started Ubuntu Advantage Timer for running repeated jobs.
[[0;32m  OK  [0m] Listening on cloud-init hotplug hook socket.
[[0;32m  OK  [0m] Started Discard unused blocks once a week.
[[0;32m  OK  [0m] Listening on ACPID Listen Socket.
[[0;32m  OK  [0m] Started Message of the Day.
         Starting LXD - unix socket.
[[0;32m  OK  [0m] Listening on D-Bus System Message Bus Socket.
[[0;32m  OK  [0m] Started Daily Cleanup of Temporary Directories.
[[0;32m  OK  [0m] Started ACPI Events Check.
[[0;32m  OK  [0m] Reached target Paths.
         Starting Socket activation for snappy daemon.
[[0;32m  OK  [0m] Reached target Timers.
[[0;32m  OK  [0m] Reached target Network is Online.
         Starting Availability of block devices...
[[0;32m  OK  [0m] Reached target Remote File Systems (Pre).
         Mounting /vagrant...
[[0;32m  OK  [0m] Reached target Cloud-config availability.
[[0;32m  OK  [0m] Listening on LXD - unix socket.
[[0;32m  OK  [0m] Listening on Socket activation for snappy daemon.
[[0;32m  OK  [0m] Started Availability of block devices.
[[0;32m  OK  [0m] Reached target Sockets.
[[0;32m  OK  [0m] Reached target Basic System.
         Starting Login Service...
[[0;32m  OK  [0m] Started Regular background program processing daemon.
[[0;32m  OK  [0m] Started irqbalance daemon.
[[0;32m  OK  [0m] Started FUSE filesystem for LXC.
         Starting Accounts Service...
[[0;32m  OK  [0m] Started D-Bus System Message Bus.
         Starting Snap Daemon...
         Starting LSB: Record successful boot for GRUB...
[[0;32m  OK  [0m] Reached target Login Prompts (Pre).
         Starting OpenBSD Secure Shell server...
         Starting System Logging Service...
         Starting Dispatcher daemon for systemd-networkd...
         Starting Virtualbox guest utils...
[[0;32m  OK  [0m] Started Deferred execution scheduler.
         Starting LXD - container startup/shutdown...
[[0;32m  OK  [0m] Mounted /vagrant.
[[0;32m  OK  [0m] Reached target Remote File Systems.
         Starting LSB: automatic crash report generation...
         Starting Permit User Sessions...
[[0;32m  OK  [0m] Started Login Service.
[[0;32m  OK  [0m] Started Unattended Upgrades Shutdown.
[[0;32m  OK  [0m] Started System Logging Service.
[[0;32m  OK  [0m] Started Permit User Sessions.
         Starting Terminate Plymouth Boot Screen...
         Starting Hold until boot process finishes up...
[[0;32m  OK  [0m] Started Hold until boot process finishes up.
         Starting Set console scheme...
[[0;32m  OK  [0m] Started Serial Getty on ttyS0.
[[0;32m  OK  [0m] Started Terminate Plymouth Boot Screen.
[[0;32m  OK  [0m] Started Set console scheme.
[[0;32m  OK  [0m] Created slice system-getty.slice.
[[0;32m  OK  [0m] Started Getty on tty1.
[[0;32m  OK  [0m] Reached target Login Prompts.
         Starting Authorization Manager...
[[0;32m  OK  [0m] Started OpenBSD Secure Shell server.
[[0;32m  OK  [0m] Started LSB: Record successful boot for GRUB.
[[0;32m  OK  [0m] Started Virtualbox guest utils.
[[0;32m  OK  [0m] Started Authorization Manager.
[[0;32m  OK  [0m] Started Accounts Service.
[[0;32m  OK  [0m] Started LSB: automatic crash report generation.
[[0;32m  OK  [0m] Started LXD - container startup/shutdown.
[[0;32m  OK  [0m] Started Dispatcher daemon for systemd-networkd.
[[0;32m  OK  [0m] Started Snap Daemon.
         Starting Wait until snapd is fully seeded...
         Starting Time & Date Service...
[[0;32m  OK  [0m] Started Time & Date Service.
[[0;32m  OK  [0m] Started Wait until snapd is fully seeded.
         Starting Apply the settings specified in cloud-config...
[   11.350657] cloud-init[1165]: Cloud-init v. 23.1.2-0ubuntu0~18.04.1 running 'modules:config' at Mon, 01 Dec 2025 15:18:29 +0000. Up 11.27 seconds.
[[0;32m  OK  [0m] Started Apply the settings specified in cloud-config.
[[0;32m  OK  [0m] Reached target Multi-User System.
[[0;32m  OK  [0m] Reached target Graphical Interface.
         Starting Update UTMP about System Runlevel Changes...
         Starting Execute cloud user/final scripts...
[[0;32m  OK  [0m] Started Update UTMP about System Runlevel Changes.
[   11.821509] cloud-init[1208]: Cloud-init v. 23.1.2-0ubuntu0~18.04.1 running 'modules:final' at Mon, 01 Dec 2025 15:18:29 +0000. Up 11.72 seconds.
[   11.822544] cloud-init[1208]: Cloud-init v. 23.1.2-0ubuntu0~18.04.1 finished at Mon, 01 Dec 2025 15:18:29 +0000. Datasource DataSourceNoCloud [seed=/dev/sdb][dsmode=net].  Up 11.81 seconds
[[0;32m  OK  [0m] Started Execute cloud user/final scripts.
[[0;32m  OK  [0m] Reached target Cloud-init target.

Ubuntu 18.04.6 LTS ubuntu-bionic ttyS0

ubuntu-bionic login: 